node.exe : 
(node:1948) 
ExperimentalWarning: 
CommonJS module C:\Us
ers\HP\AppData\Roamin
g\npm\node_modules\np
m\node_modules\debug\
src\node.js is 
loading ES Module C:\
Users\HP\AppData\Roam
ing\npm\node_modules\
npm\node_modules\supp
orts-color\index.js 
using require().
At C:\Program Files\n
odejs\npx.ps1:29 
char:3
+   & $NODE_EXE 
$NPX_CLI_JS $args
+   ~~~~~~~~~~~~~~~~~
~~~~~~~~~~~~
    + CategoryInfo   
           : NotSpe  
  cified: ((node:1   
 948) Exp...sing     
require().:Strin    
g) [], RemoteExc    
eption
    + FullyQualified 
   ErrorId : Native  
  CommandError
 
Support for loading 
ES Module in 
require() is an 
experimental feature 
and might change at 
any time
(Use `node 
--trace-warnings 
...` to show where 
the warning was 
created)
